// Jest Snapshot v1, https://goo.gl/fbAQLP

exports[`Code Transformation Pipeline React Live Integration should produce code that React Live can render 1`] = `
<div>
  <div>
    function TestComponent() {
          return (
            
    <div>
      
              
      <h1>
        Hello
      </h1>
      
              
      <p>
        World
      </p>
      
            
    </div>
    
          );
        }


render(
    <testcomponent>
      );
    </testcomponent>
  </div>
</div>
`;
